LibraryManagementSystem\LibrSignin$3.class
LibraryManagementSystem\ViewRentedBooks$1.class
LibraryManagementSystem\RemoveBooks$3.class
LibraryManagementSystem\RemoveUserForm$3.class
LibraryManagementSystem\AddBooks$1.class
LibraryManagementSystem\LibrForm$1.class
LibraryManagementSystem\AddBooks$4.class
LibraryManagementSystem\UserMenu$2.class
LibraryManagementSystem\UserWelcome$1.class
LibraryManagementSystem\LibMenu$1.class
LibraryManagementSystem\RentBooks.class
LibraryManagementSystem\UserSearchBooks$2.class
LibraryManagementSystem\Cooking.class
LibraryManagementSystem\WelcomePage$1.class
LibraryManagementSystem\UserWelcome$3.class
LibraryManagementSystem\ReturnBooks$4.class
LibraryManagementSystem\AddorRemove.class
LibraryManagementSystem\AddorRemove$2.class
LibraryManagementSystem\ViewBooksOperation$2.class
LibraryManagementSystem\AddorRemove$3.class
LibraryManagementSystem\UserSignin$3.class
LibraryManagementSystem\Biography.class
LibraryManagementSystem\Fantasy.class
LibraryManagementSystem\LibrSignin.class
LibraryManagementSystem\LibReturn$2.class
LibraryManagementSystem\RentBooks$1.class
LibraryManagementSystem\ViewMembers$6.class
LibraryManagementSystem\RemoveBooks$2.class
LibraryManagementSystem\ViewBooksOperation.class
LibraryManagementSystem\RentBooks$2.class
LibraryManagementSystem\Books.class
LibraryManagementSystem\RemoveUserForm$1.class
LibraryManagementSystem\LibrSignin$4.class
LibraryManagementSystem\ViewMembers$5.class
LibraryManagementSystem\LibReturn$1.class
LibraryManagementSystem\UserSearchBooks.class
LibraryManagementSystem\ViewRentedBooks.class
LibraryManagementSystem\SendEmail.class
LibraryManagementSystem\RemoveBooks$1.class
LibraryManagementSystem\UserSignin$2.class
LibraryManagementSystem\UserSearchBooks$1.class
LibraryManagementSystem\LibReturn.class
LibraryManagementSystem\ViewBooksOperation$1.class
LibraryManagementSystem\WelcomePage$2.class
LibraryManagementSystem\AddBooks.class
LibraryManagementSystem\BookFactory.class
LibraryManagementSystem\UserWelcome$2.class
LibraryManagementSystem\ReturnBooks$3.class
LibraryManagementSystem\AddorRemove$1.class
LibraryManagementSystem\DateConverter.class
LibraryManagementSystem\UserSignin$1.class
LibraryManagementSystem\LibMenu$2.class
LibraryManagementSystem\UserSignin$4.class
LibraryManagementSystem\WelcomePage.class
LibraryManagementSystem\UserWelcome.class
LibraryManagementSystem\LibReturn$3.class
LibraryManagementSystem\Book.class
LibraryManagementSystem\LibrSignin$2.class
LibraryManagementSystem\LibrForm$2.class
LibraryManagementSystem\ViewMembers$1.class
LibraryManagementSystem\AddBooks$3.class
LibraryManagementSystem\UserMenu$1.class
LibraryManagementSystem\LibrForm.class
LibraryManagementSystem\RemoveUserForm$2.class
LibraryManagementSystem\UserRegister$3.class
LibraryManagementSystem\RentBooks$3.class
LibraryManagementSystem\ViewMembers$4.class
LibraryManagementSystem\LibrSignin$5.class
LibraryManagementSystem\LibraryFacade.class
LibraryManagementSystem\ViewMembers.class
LibraryManagementSystem\ReturnBooks$1.class
LibraryManagementSystem\UserMenu$4.class
LibraryManagementSystem\DateAdapter.class
LibraryManagementSystem\UserSearchBooks$3.class
LibraryManagementSystem\UserSignin.class
LibraryManagementSystem\ViewMembers$2.class
LibraryManagementSystem\LibMenu.class
LibraryManagementSystem\User.class
LibraryManagementSystem\ReturnBooks.class
LibraryManagementSystem\DBconnect.class
LibraryManagementSystem\ViewBooksOperation$3.class
LibraryManagementSystem\ViewRentedBooks$2.class
LibraryManagementSystem\WelcomePage$3.class
LibraryManagementSystem\RentBooks$4.class
LibraryManagementSystem\UserRegister$2.class
LibraryManagementSystem\LibrSignin$1.class
LibraryManagementSystem\RemoveBooks.class
LibraryManagementSystem\UserMenu.class
LibraryManagementSystem\UserMenu$3.class
LibraryManagementSystem\ViewMembers$3.class
LibraryManagementSystem\RemoveUserForm.class
LibraryManagementSystem\ReturnBooks$2.class
LibraryManagementSystem\AddBooks$2.class
LibraryManagementSystem\RemoveUserForm$4.class
LibraryManagementSystem\LibMenu$3.class
LibraryManagementSystem\Libb.class
LibraryManagementSystem\RemoveBooks$4.class
LibraryManagementSystem\UserRegister$1.class
LibraryManagementSystem\RentService.class
LibraryManagementSystem\UserRegister.class
LibraryManagementSystem\Scientific.class
