D:\LibraryManagementSystem\src\main\java\LibraryManagementSystem\RentService.java
D:\LibraryManagementSystem\src\main\java\LibraryManagementSystem\LibReturn.java
D:\LibraryManagementSystem\src\main\java\LibraryManagementSystem\Book.java
D:\LibraryManagementSystem\src\main\java\LibraryManagementSystem\DBconnect.java
D:\LibraryManagementSystem\src\main\java\LibraryManagementSystem\LibMenu.java
D:\LibraryManagementSystem\src\main\java\LibraryManagementSystem\Biography.java
D:\LibraryManagementSystem\src\main\java\LibraryManagementSystem\DateAdapter.java
D:\LibraryManagementSystem\src\main\java\LibraryManagementSystem\Books.java
D:\LibraryManagementSystem\src\main\java\LibraryManagementSystem\ReturnBooks.java
D:\LibraryManagementSystem\src\main\java\LibraryManagementSystem\DateConverter.java
D:\LibraryManagementSystem\src\main\java\LibraryManagementSystem\Scientific.java
D:\LibraryManagementSystem\src\main\java\LibraryManagementSystem\LibrForm.java
D:\LibraryManagementSystem\src\main\java\LibraryManagementSystem\WelcomePage.java
D:\LibraryManagementSystem\src\main\java\LibraryManagementSystem\RemoveUserForm.java
D:\LibraryManagementSystem\src\main\java\LibraryManagementSystem\Cooking.java
D:\LibraryManagementSystem\src\main\java\LibraryManagementSystem\ViewRentedBooks.java
D:\LibraryManagementSystem\src\main\java\LibraryManagementSystem\RentBooks.java
D:\LibraryManagementSystem\src\main\java\LibraryManagementSystem\UserMenu.java
D:\LibraryManagementSystem\src\main\java\LibraryManagementSystem\SendEmail.java
D:\LibraryManagementSystem\src\main\java\LibraryManagementSystem\UserWelcome.java
D:\LibraryManagementSystem\src\main\java\LibraryManagementSystem\Libb.java
D:\LibraryManagementSystem\src\main\java\LibraryManagementSystem\RemoveBooks.java
D:\LibraryManagementSystem\src\main\java\LibraryManagementSystem\UserSearchBooks.java
D:\LibraryManagementSystem\src\main\java\LibraryManagementSystem\User.java
D:\LibraryManagementSystem\src\main\java\LibraryManagementSystem\ViewMembers.java
D:\LibraryManagementSystem\src\main\java\LibraryManagementSystem\AddorRemove.java
D:\LibraryManagementSystem\src\main\java\LibraryManagementSystem\UserSignin.java
D:\LibraryManagementSystem\src\main\java\LibraryManagementSystem\UserRegister.java
D:\LibraryManagementSystem\src\main\java\LibraryManagementSystem\LibrSignin.java
D:\LibraryManagementSystem\src\main\java\LibraryManagementSystem\BookFactory.java
D:\LibraryManagementSystem\src\main\java\LibraryManagementSystem\Fantasy.java
D:\LibraryManagementSystem\src\main\java\LibraryManagementSystem\LibraryFacade.java
D:\LibraryManagementSystem\src\main\java\LibraryManagementSystem\AddBooks.java
D:\LibraryManagementSystem\src\main\java\LibraryManagementSystem\ViewBooksOperation.java
